{
  a: [
    [
      "0x1234000000000000000000000000000000000000000000000000000000000000"
      "0x1111000000000000000000000000000000000000000000000000000000000000"
    ]
    [
      "0xabcd000000000000000000000000000000000000000000000000000000000000"
      "0x7777770000000000000000000000000000000000000000000000000000000000"
    ]
  ]
  b: "0xa5643bf20000000000000000000000000000000000000000000000000000000000000060000000000000000000000000000000000000000000000000000000000000000100000000000000000000000000000000000000000000000000000000000000a0000000000000000000000000000000000000000000000000000000000000000464617665000000000000000000000000000000000000000000000000000000000000000000000000000000000000000000000000000000000000000000000003000000000000000000000000000000000000000000000000000000000000000100000000000000000000000000000000000000000000000000000000000000020000000000000000000000000000000000000000000000000000000000000003"
}
