{
  add: "1000000000000002"
  mul: "111122223333444455556666777788889999000000000000000"
  sub: "999999999999998"
  div: "111122223333444455556"
  mod: "1"
}
